[36mrolldown-vite v7.2.5 [32mbuilding client environment for production...[36m[39m
[2K
transforming...Γ£ô 378 modules transformed.
node.exe : [31mΓ£ù[39m Build 
failed in 124ms
At line:1 char:1
+ & "C:\Program 
Files\nodejs/node.exe" 
"C:\Program Files\nodejs/node_mo 
...
+ ~~~~~~~~~~~~~~~~~~~~~~~~~~~~~~~~
~~~~~~~~~~~~~~~~~~~~~~~~~~~~~~~~~~
~~~
    + CategoryInfo          : Not 
   Specified: ([31mΓ£ù[39m Bui  
  ld failed in 124ms:String) []   
 , RemoteException
    + FullyQualifiedErrorId : Nat 
   iveCommandError
 
[31merror during build:
[31mBuild failed with 1 error:

[plugin vite:prepare-out-dir]
Error: EBUSY: resource busy or 
locked, unlink 'C:\AM\GitHub\me\di
st\assets\Speedrun-CyR6rr6e.js'
    at unlinkSync 
(node:fs:1952:11)
    at _unlinkSync 
(node:internal/fs/rimraf:215:14)
    at rimrafSync 
(node:internal/fs/rimraf:196:7)
    at 
node:internal/fs/rimraf:254:9
    at Array.forEach (<anonymous>)
    at _rmdirSync 
(node:internal/fs/rimraf:251:7)
    at rimrafSync 
(node:internal/fs/rimraf:194:7)
    at Object.rmSync 
(node:fs:1247:10)
    at emptyDir (file:///C:/AM/Git
Hub/me/node_modules/vite/dist/node
/chunks/node.js:2141:11)
    at prepareOutDir (file:///C:/A
M/GitHub/me/node_modules/vite/dist
/node/chunks/node.js:33215:55)[31
m
    at 
aggregateBindingErrorsIntoJsError 
(file:///C:/AM/GitHub/me/node_modu
les/rolldown/dist/shared/src-CYkh2
Ybc.mjs:2659:18)
    at unwrapBindingResult (file:/
//C:/AM/GitHub/me/node_modules/rol
ldown/dist/shared/src-CYkh2Ybc.mjs
:2634:128)
    at #build (file:///C:/AM/GitHu
b/me/node_modules/rolldown/dist/sh
ared/src-CYkh2Ybc.mjs:4433:34)
    at async buildEnvironment (fil
e:///C:/AM/GitHub/me/node_modules/
vite/dist/node/chunks/node.js:3346
8:64)
    at async Object.build (file://
/C:/AM/GitHub/me/node_modules/vite
/dist/node/chunks/node.js:33871:19
)
    at async Object.buildApp (file
:///C:/AM/GitHub/me/node_modules/v
ite/dist/node/chunks/node.js:33868
:153)
    at async CAC.<anonymous> (file
:///C:/AM/GitHub/me/node_modules/v
ite/dist/node/cli.js:629:3)[39m
